2026-08-08 11:43:29.867: [INFO] CurrentProfilePath: C:\Users\sarvesh kasrung\OneDrive\Desktop\lensify-backend\lensify-backend\.metadata\.plugins\org.eclipse.swt\EBWebView\Default
2026-08-08 11:43:29.867: [INFO] Profiles total count: 1
2026-08-08 11:43:29.867: [INFO] Profile: name=Profile 1 path=C:\Users\sarvesh kasrung\OneDrive\Desktop\lensify-backend\lensify-backend\.metadata\.plugins\org.eclipse.swt\EBWebView\Default lastActive=null
2026-08-08 11:43:29.867: [INFO] LastUsedProfileDir: C:\Users\sarvesh kasrung\OneDrive\Desktop\lensify-backend\lensify-backend\.metadata\.plugins\org.eclipse.swt\EBWebView\Default
2026-08-08 11:43:29.867: [INFO] OnDoneLoading sync enabled: 0
2026-08-08 11:43:29.867: [INFO] BookmarkModelLoaded, ids_reassigned: 0
2026-08-08 11:43:29.867: [INFO] BookmarksLoadDropped droppedNodes=0
2026-08-08 11:43:29.867: [INFO] BookmarksSnapshot Startup total=0 bar=0 other=0 mobile=0 showBar=0 showBarNTP=1
2026-08-08 11:43:36.407: [INFO] BookmarksSnapshot Shutdown total=0 bar=0 other=0 mobile=0 showBar=0 showBarNTP=1
2026-08-08 11:43:42.484: [INFO] CurrentProfilePath: C:\Users\sarvesh kasrung\OneDrive\Desktop\lensify-backend\lensify-backend\.metadata\.plugins\org.eclipse.swt\EBWebView\Default
2026-08-08 11:43:42.484: [INFO] Profiles total count: 1
2026-08-08 11:43:42.485: [INFO] Profile: name=Profile 1 path=C:\Users\sarvesh kasrung\OneDrive\Desktop\lensify-backend\lensify-backend\.metadata\.plugins\org.eclipse.swt\EBWebView\Default lastActive=2026-08-08T11:43:31.022Z
2026-08-08 11:43:42.485: [INFO] LastUsedProfileDir: C:\Users\sarvesh kasrung\OneDrive\Desktop\lensify-backend\lensify-backend\.metadata\.plugins\org.eclipse.swt\EBWebView\Default
2026-08-08 11:43:42.485: [INFO] MostRecentlyActiveProfile: name=Profile 1 path=C:\Users\sarvesh kasrung\OneDrive\Desktop\lensify-backend\lensify-backend\.metadata\.plugins\org.eclipse.swt\EBWebView\Default lastActive=2026-08-08T11:43:31.022Z
2026-08-08 11:43:42.485: [INFO] OnDoneLoading sync enabled: 0
2026-08-08 11:43:42.485: [INFO] BookmarkModelLoaded, ids_reassigned: 0
2026-08-08 11:43:42.485: [INFO] BookmarksLoadDropped droppedNodes=0
2026-08-08 11:43:42.485: [INFO] BookmarksSnapshot Startup total=0 bar=0 other=0 mobile=0 showBar=0 showBarNTP=1
2026-08-08 11:44:06.619: [INFO] BookmarksSnapshot Shutdown total=0 bar=0 other=0 mobile=0 showBar=0 showBarNTP=1
2026-08-08 11:46:47.038: [INFO] CurrentProfilePath: C:\Users\sarvesh kasrung\OneDrive\Desktop\lensify-backend\lensify-backend\.metadata\.plugins\org.eclipse.swt\EBWebView\Default
2026-08-08 11:46:47.038: [INFO] Profiles total count: 1
2026-08-08 11:46:47.038: [INFO] Profile: name=Profile 1 path=C:\Users\sarvesh kasrung\OneDrive\Desktop\lensify-backend\lensify-backend\.metadata\.plugins\org.eclipse.swt\EBWebView\Default lastActive=2026-08-08T11:44:06.385Z
2026-08-08 11:46:47.038: [INFO] LastUsedProfileDir: C:\Users\sarvesh kasrung\OneDrive\Desktop\lensify-backend\lensify-backend\.metadata\.plugins\org.eclipse.swt\EBWebView\Default
2026-08-08 11:46:47.039: [INFO] MostRecentlyActiveProfile: name=Profile 1 path=C:\Users\sarvesh kasrung\OneDrive\Desktop\lensify-backend\lensify-backend\.metadata\.plugins\org.eclipse.swt\EBWebView\Default lastActive=2026-08-08T11:44:06.385Z
2026-08-08 11:46:47.039: [INFO] OnDoneLoading sync enabled: 0
2026-08-08 11:46:47.039: [INFO] BookmarkModelLoaded, ids_reassigned: 0
2026-08-08 11:46:47.039: [INFO] BookmarksLoadDropped droppedNodes=0
2026-08-08 11:46:47.039: [INFO] BookmarksSnapshot Startup total=0 bar=0 other=0 mobile=0 showBar=0 showBarNTP=1
2026-08-08 11:48:32.911: [INFO] BookmarksSnapshot Shutdown total=0 bar=0 other=0 mobile=0 showBar=0 showBarNTP=1
2026-08-08 15:46:09.987: [INFO] CurrentProfilePath: C:\Users\sarvesh kasrung\OneDrive\Desktop\lensify-backend\lensify-backend\.metadata\.plugins\org.eclipse.swt\EBWebView\Default
2026-08-08 15:46:09.987: [INFO] Profiles total count: 1
2026-08-08 15:46:09.987: [INFO] Profile: name=Profile 1 path=C:\Users\sarvesh kasrung\OneDrive\Desktop\lensify-backend\lensify-backend\.metadata\.plugins\org.eclipse.swt\EBWebView\Default lastActive=2026-08-08T11:44:06.385Z
2026-08-08 15:46:09.987: [INFO] LastUsedProfileDir: C:\Users\sarvesh kasrung\OneDrive\Desktop\lensify-backend\lensify-backend\.metadata\.plugins\org.eclipse.swt\EBWebView\Default
2026-08-08 15:46:09.987: [INFO] MostRecentlyActiveProfile: name=Profile 1 path=C:\Users\sarvesh kasrung\OneDrive\Desktop\lensify-backend\lensify-backend\.metadata\.plugins\org.eclipse.swt\EBWebView\Default lastActive=2026-08-08T11:44:06.385Z
2026-08-08 15:46:09.987: [INFO] OnDoneLoading sync enabled: 0
2026-08-08 15:46:09.987: [INFO] BookmarkModelLoaded, ids_reassigned: 0
2026-08-08 15:46:09.987: [INFO] BookmarksLoadDropped droppedNodes=0
2026-08-08 15:46:09.987: [INFO] BookmarksSnapshot Startup total=0 bar=0 other=0 mobile=0 showBar=0 showBarNTP=1
2026-08-08 15:49:40.450: [INFO] BookmarksSnapshot Shutdown total=0 bar=0 other=0 mobile=0 showBar=0 showBarNTP=1
